2026-10-04T16:27:32Z INF Thank you for trying Cloudflare Tunnel. Doing so, without a Cloudflare account, is a quick way to experiment and try it out. However, be aware that these account-less Tunnels have no uptime guarantee, are subject to the Cloudflare Online Services Terms of Use (https://www.cloudflare.com/website-terms/), and Cloudflare reserves the right to investigate your use of Tunnels for violations of such terms. If you intend to use Tunnels in production you should use a pre-created named tunnel by following: https://developers.cloudflare.com/cloudflare-one/connections/connect-apps
2026-10-04T16:27:32Z INF Requesting new quick Tunnel on trycloudflare.com...
2026-10-04T16:27:37Z INF +--------------------------------------------------------------------------------------------+
2026-10-04T16:27:37Z INF |  Your quick Tunnel has been created! Visit it at (it may take some time to be reachable):  |
2026-10-04T16:27:37Z INF |  https://leasing-mate-richards-parks.trycloudflare.com                                     |
2026-10-04T16:27:37Z INF +--------------------------------------------------------------------------------------------+
2026-10-04T16:27:37Z INF Cannot determine default configuration path. No file [config.yml config.yaml] in [~/.cloudflared ~/.cloudflare-warp ~/cloudflare-warp]
2026-10-04T16:27:37Z INF Version 2026.9.3 (Checksum f096265ec2fcbe9bb6e2d64268db167ced3fcbb83d894bdb9e2fcdb26f2ea7e2)
2026-10-04T16:27:37Z INF GOOS: windows, GOVersion: go1.26.8, GoArch: amd64
2026-10-04T16:27:37Z INF Settings: map[ha-connections:1 protocol:quic url:http://localhost:3000]
2026-10-04T16:27:37Z INF cloudflared will not automatically update on Windows systems.
2026-10-04T16:27:48Z ERR Failed to fetch features, default to disable error="lookup cfd-features.argotunnel.com: dnsquery: DNS operation refused."
2026-10-04T16:27:48Z INF Generated Connector ID: 18bdbe4e-cb9c-43cb-8f6e-821e1fd6b782
2026-10-04T16:27:48Z INF Initial protocol quic
2026-10-04T16:27:48Z INF ICMP proxy will use 10.255.0.1 as source for IPv4
2026-10-04T16:27:48Z INF ICMP proxy will use fe80::4b3e:feca:752c:90c7 in zone PlanetVPNXrayTunnel as source for IPv6
2026-10-04T16:27:59Z INF cloudflared does not support loading the system root certificate pool on Windows. Please use --origin-ca-pool <PATH> to specify the path to the certificate pool
2026-10-04T16:27:59Z INF +------------------------------------------------------------------------------------------------------------------------------------------------------------------+
2026-10-04T16:27:59Z INF |                                                                     CONNECTIVITY PRE-CHECKS                                                                      |
2026-10-04T16:27:59Z INF ICMP proxy will use 10.255.0.1 as source for IPv4
2026-10-04T16:27:59Z INF +------------------------------------------------------------------------------------------------------------------------------------------------------------------+
2026-10-04T16:27:59Z INF |  COMPONENT         TARGET                     STATUS  DETAILS                                                                                                    |
2026-10-04T16:27:59Z INF |  DNS Resolution    region1.v2.argotunnel.com  PASS    DNS Resolved successfully                                                                                  |
2026-10-04T16:27:59Z INF |  DNS Resolution    region2.v2.argotunnel.com  PASS    DNS Resolved successfully                                                                                  |
2026-10-04T16:27:59Z INF |  UDP Connectivity  region1.v2.argotunnel.com  FAIL    QUIC connection failed                                                                                     |
2026-10-04T16:27:59Z INF |  UDP Connectivity  region2.v2.argotunnel.com  FAIL    QUIC connection failed                                                                                     |
2026-10-04T16:27:59Z INF |  TCP Connectivity  region1.v2.argotunnel.com  FAIL    HTTP/2 connection is blocked or unreachable                                                                |
2026-10-04T16:27:59Z INF |  TCP Connectivity  region2.v2.argotunnel.com  FAIL    HTTP/2 connection is blocked or unreachable                                                                |
2026-10-04T16:27:59Z INF |  Cloudflare API    api.cloudflare.com:443     FAIL    API Connection failed                                                                                      |
2026-10-04T16:27:59Z INF |  ERROR: Allow outbound QUIC traffic on port 7844 or use HTTP2.                                                                                                   |
2026-10-04T16:27:59Z INF |  ERROR: Allow outbound QUIC traffic on port 7844 or use HTTP2.                                                                                                   |
2026-10-04T16:27:59Z INF |  ERROR: Allow outbound TCP on port 7844.                                                                                                                         |
2026-10-04T16:27:59Z INF |  ERROR: Allow outbound TCP on port 7844.                                                                                                                         |
2026-10-04T16:27:59Z INF |  ERROR: cloudflared will still run, but automatic software updates are unavailable. Ensure port 443 TCP to api.cloudflare.com is open if you want auto-updates.  |
2026-10-04T16:27:59Z INF |                                                                                                                                                                  |
2026-10-04T16:27:59Z INF |  SUMMARY: Environment has critical failures. cloudflared may not be able to establish a tunnel.                                                                  |
2026-10-04T16:27:59Z INF +------------------------------------------------------------------------------------------------------------------------------------------------------------------+
2026-10-04T16:27:59Z INF precheck component="DNS Resolution" details="DNS Resolved successfully" run_id=ee929ee9-6b26-4447-b107-bc19d2bd97a0 status=pass target=region1.v2.argotunnel.com
2026-10-04T16:27:59Z INF precheck component="DNS Resolution" details="DNS Resolved successfully" run_id=ee929ee9-6b26-4447-b107-bc19d2bd97a0 status=pass target=region2.v2.argotunnel.com
2026-10-04T16:27:59Z INF precheck component="UDP Connectivity" details="QUIC connection failed" run_id=ee929ee9-6b26-4447-b107-bc19d2bd97a0 status=fail target=region1.v2.argotunnel.com
2026-10-04T16:27:59Z INF precheck component="UDP Connectivity" details="QUIC connection failed" run_id=ee929ee9-6b26-4447-b107-bc19d2bd97a0 status=fail target=region2.v2.argotunnel.com
2026-10-04T16:27:59Z INF precheck component="TCP Connectivity" details="HTTP/2 connection is blocked or unreachable" run_id=ee929ee9-6b26-4447-b107-bc19d2bd97a0 status=fail target=region1.v2.argotunnel.com
2026-10-04T16:27:59Z INF precheck component="TCP Connectivity" details="HTTP/2 connection is blocked or unreachable" run_id=ee929ee9-6b26-4447-b107-bc19d2bd97a0 status=fail target=region2.v2.argotunnel.com
2026-10-04T16:27:59Z INF precheck component="Cloudflare API" details="API Connection failed" run_id=ee929ee9-6b26-4447-b107-bc19d2bd97a0 status=fail target=api.cloudflare.com:443
2026-10-04T16:27:59Z INF precheck complete hard_fail=true run_id=ee929ee9-6b26-4447-b107-bc19d2bd97a0
2026-10-04T16:27:59Z INF ICMP proxy will use fe80::4b3e:feca:752c:90c7 in zone PlanetVPNXrayTunnel as source for IPv6
2026-10-04T16:27:59Z INF Starting metrics server on 127.0.0.1:20241/metrics
2026-10-04T16:28:10Z INF Tunnel connection curve preferences: [X25519MLKEM768 CurveID(65074) CurveP256] connIndex=0 event=0 ip=198.41.192.67
2026-10-04T16:28:11Z INF Registered tunnel connection connIndex=0 connection=6ab8e4e2-8725-4fae-8aa6-db6ad34fecd5 event=0 ip=198.41.192.67 location=fra10 protocol=quic
2026-10-04T16:31:25Z ERR Serve tunnel error error="accept stream listener error: failed to accept QUIC stream: timeout: no recent network activity" connIndex=0 event=0 ip=198.41.192.67
2026-10-04T16:31:25Z INF Retrying connection in up to 2s connIndex=0 event=0 ip=198.41.192.67
2026-10-04T16:31:25Z INF Tunnel connection curve preferences: [X25519MLKEM768 CurveID(65074) CurveP256] connIndex=0 event=0 ip=198.41.200.23
2026-10-04T16:31:26Z INF Registered tunnel connection connIndex=0 connection=1c1b55e9-b6fa-4c9a-a824-a6e1df699437 event=0 ip=198.41.200.23 location=waw02 protocol=quic
